 nr.     times     cpu time      cpu    wall clock      wc  level                     routine name
        called    in seconds      %     in seconds       %    2    3    4    5    6
    1          1  0.788752D+04  100.00  0.400664D+04  100.00                          delwaq2                                 
    2          1  0.000000D+00    0.00  0.000000D+00         0.00                     getcom                                  
    3          1  0.000000D+00    0.00  0.999928D-03         0.00                     startup_screen                          
    4          1  0.453125D+00    0.01  0.233000D+00         0.01                     dlwqi0                                  
    5          2  0.000000D+00    0.00  0.000000D+00              0.00                getcom                                  
    6          1  0.000000D+00    0.00  0.200009D-02              0.00                dlwqi2                                  
    7          1  0.000000D+00    0.00  0.000000D+00              0.00                dlwqip                                  
    8          1  0.000000D+00    0.00  0.000000D+00              0.00                dlwqiv                                  
    9          1  0.000000D+00    0.00  0.000000D+00              0.00                dlwqio                                  
   10          1  0.000000D+00    0.00  0.999928D-03              0.00                partit                                  
   11          1  0.000000D+00    0.00  0.500011D-02              0.00                ixsets                                  
   12          1  0.000000D+00    0.00  0.000000D+00              0.00                chknmr                                  
   13          1  0.203125D+00    0.00  0.969999D-01              0.00                dlwqt0                                  
   14         10  0.937500D-01    0.00  0.550001D-01                   0.00           dlwqt1                                  
   15          3  0.000000D+00    0.00  0.000000D+00                        0.00      dlwqt3                                  
   16          3  0.937500D-01    0.00  0.500002D-01                        0.00      dlwqt4                                  
   17          1  0.000000D+00    0.00  0.999928D-03                        0.00      dlwqt2                                  
   18          2  0.000000D+00    0.00  0.000000D+00                        0.00      dlwqib                                  
   19          2  0.000000D+00    0.00  0.000000D+00                        0.00      dlwqtb                                  
   20          1  0.781250D-01    0.00  0.409999D-01                   0.00           dlwqta                                  
   21        102  0.312500D-01    0.00  0.400019D-02                        0.00      dlwqdataevaluate                        
   22          2  0.156250D-01    0.00  0.149999D-01                        0.00      dlwqt4                                  
   23          1  0.000000D+00    0.00  0.000000D+00                   0.00           dlwqtk                                  
   24          1  0.000000D+00    0.00  0.000000D+00              0.00                delpar00                                
   25          4  0.000000D+00    0.00  0.000000D+00              0.00                zoek                                    
   26          1  0.000000D+00    0.00  0.999928D-03         0.00                     dlwqf5                                  
   27          5  0.000000D+00    0.00  0.000000D+00              0.00                zoek                                    
   28          1  0.788706D+04   99.99  0.400641D+04        99.99                     dlwqnf                                  
   29       2209  0.000000D+00    0.00  0.500035D-02              0.00                hsurf                                   
   30          1  0.000000D+00    0.00  0.000000D+00                   0.00           zoek                                    
   31       2209  0.121875D+01    0.02  0.597998D+00              0.01                dryfld                                  
   32       6627  0.000000D+00    0.00  0.130000D-01                   0.00           zoek                                    
   33       2209  0.312500D-01    0.00  0.700021D-02              0.00                dlwq_mt3d                               
   34          1  0.000000D+00    0.00  0.000000D+00                   0.00           getcom                                  
   35       2209  0.000000D+00    0.00  0.599957D-02              0.00                zoek                                    
   36       2209  0.000000D+00    0.00  0.400019D-02              0.00                setset                                  
   37       2209  0.702531D+03    8.91  0.351080D+03              8.76                proces                                  
   38          1  0.000000D+00    0.00  0.000000D+00                   0.00           getcom                                  
   39       2209  0.428391D+03    5.43  0.214020D+03                   5.34           onepro                                  
   40       2209  0.239016D+03    3.03  0.119975D+03                   2.99           twopro                                  
   41      50807  0.238266D+03    3.02  0.119810D+03                        2.99      prodr2                                  
   42       4418  0.172344D+02    0.22  0.826500D+01                   0.21           provel                                  
   43          1  0.000000D+00    0.00  0.000000D+00              0.00                getcom                                  
   44       2209  0.468750D-01    0.00  0.999975D-02              0.00                dlwq_boundio                            
   45          2  0.000000D+00    0.00  0.000000D+00                   0.00           getcom                                  
   46       2209  0.000000D+00    0.00  0.999928D-02              0.00                dlwq17                                  
   47          1  0.000000D+00    0.00  0.000000D+00                   0.00           getcom                                  
   48       2209  0.154953D+03    1.96  0.776000D+02              1.94                dlwqo2                                  
   49          1  0.000000D+00    0.00  0.000000D+00                   0.00           getcom                                  
   50      26508  0.234375D+00    0.00  0.799997D-01                   0.00           stepyn                                  
   51      15465  0.000000D+00    0.00  0.349991D-01                   0.00           actloc                                  
   52       8837  0.312500D-01    0.00  0.250008D-01                   0.00           fiosub                                  
   53       2209  0.150000D+01    0.02  0.713002D+00                   0.02           outmo3                                  
   54       4418  0.406250D+00    0.01  0.204001D+00                        0.01      outmo2                                  
   55       6628  0.142812D+02    0.18  0.688799D+01                   0.17           fioutv                                  
   56       2209  0.199688D+02    0.25  0.104040D+02                   0.26           outhnc                                  
   57       2209  0.862188D+02    1.09  0.430220D+02                   1.07           outmnc                                  
   58       2209  0.000000D+00    0.00  0.399971D-02              0.00                zercum                                  
   59       2208  0.584375D+01    0.07  0.269800D+01              0.07                dlwq18                                  
   60       2208  0.679688D+01    0.09  0.340201D+01              0.08                dlwq14                                  
   61       2208  0.172812D+02    0.22  0.889200D+01              0.22                dlwq41                                  
   62       2208  0.172656D+02    0.22  0.888700D+01                   0.22           dlwqt1                                  
   63       2208  0.000000D+00    0.00  0.499988D-02                        0.00      dlwqt3                                  
   64       2208  0.171094D+02    0.22  0.874800D+01                        0.22      dlwqt4                                  
   82          1  0.000000D+00    0.00  0.000000D+00                             0.00 messag                                  
   65       2208  0.468750D+00    0.01  0.336997D+00              0.01                dryfle                                  
   66       4416  0.312500D-01    0.00  0.900030D-02                   0.00           zoek                                    
   67       2208  0.953125D+01    0.12  0.500800D+01              0.12                dlwqf1                                  
   68       2208  0.218750D+00    0.00  0.142999D+00              0.00                dlwq15                                  
   69       2208  0.000000D+00    0.00  0.899935D-02                   0.00           wascal                                  
   70       2208  0.418750D+01    0.05  0.231100D+01              0.06                dlwqm7                                  
   71       2208  0.684531D+04   86.79  0.348510D+04             86.98                ADE solver                              
   72       2208  0.734375D+01    0.09  0.361401D+01              0.09                dlwqb4                                  
   73       2208  0.128391D+03    1.63  0.642720D+02              1.60                dlwqt0                                  
   74       8832  0.867188D+02    1.10  0.435040D+02                   1.09           dlwqt1                                  
   75       4416  0.625000D-01    0.00  0.800014D-02                        0.00      dlwqt3                                  
   76       4416  0.855469D+02    1.08  0.427780D+02                        1.07      dlwqt4                                  
   84          2  0.000000D+00    0.00  0.000000D+00                             0.00 messag                                  
   77       4416  0.000000D+00    0.00  0.199993D-01                        0.00      dlwqtb                                  
   78       2208  0.415000D+02    0.53  0.207250D+02                   0.52           dlwqta                                  
   79       4416  0.324531D+02    0.41  0.160250D+02                        0.40      dlwqt4                                  
   85          2  0.000000D+00    0.00  0.000000D+00                             0.00 messag                                  
   80       4416  0.860938D+01    0.11  0.447800D+01                        0.11      dlwqdataevaluate                        
   81       2208  0.312500D-01    0.00  0.899982D-02                   0.00           dlwqtk                                  
   83          1  0.000000D+00    0.00  0.200009D-02              0.00                dlwqce                                  
   86          1  0.312500D-01    0.00  0.699997D-02              0.00                dlwq13                                  
